// Jest Snapshot v1, https://goo.gl/fbAQLP

exports[`tool testing renders correctly 1`] = `<img />`;
